idle power: 32.7 W
== hash: sweep
  mode=hash gib=4.0 ilp=1 tpb=64 bpcu=4 vgpr_regs=54 occ_blocks_per_cu=32 rate=2710800000.0 reads_per_s=0.0 avg_w=198.4 avg_sclk_mhz=2921 avg_mclk_mhz=875 seconds=1.323
  mode=hash gib=4.0 ilp=1 tpb=64 bpcu=8 vgpr_regs=54 occ_blocks_per_cu=32 rate=3673200000.0 reads_per_s=0.0 avg_w=236.0 avg_sclk_mhz=2914 avg_mclk_mhz=875 seconds=1.553
  mode=hash gib=4.0 ilp=1 tpb=64 bpcu=16 vgpr_regs=54 occ_blocks_per_cu=32 rate=4448300000.0 reads_per_s=0.0 avg_w=256.4 avg_sclk_mhz=2825 avg_mclk_mhz=875 seconds=1.449
  mode=hash gib=4.0 ilp=1 tpb=64 bpcu=32 vgpr_regs=54 occ_blocks_per_cu=32 rate=4799700000.0 reads_per_s=0.0 avg_w=264.2 avg_sclk_mhz=2789 avg_mclk_mhz=875 seconds=1.454
  mode=hash gib=4.0 ilp=1 tpb=128 bpcu=4 vgpr_regs=54 occ_blocks_per_cu=16 rate=4036200000.0 reads_per_s=0.0 avg_w=246.4 avg_sclk_mhz=2872 avg_mclk_mhz=875 seconds=1.421
  mode=hash gib=4.0 ilp=1 tpb=128 bpcu=8 vgpr_regs=54 occ_blocks_per_cu=16 rate=4439900000.0 reads_per_s=0.0 avg_w=256.0 avg_sclk_mhz=2823 avg_mclk_mhz=875 seconds=1.436
  mode=hash gib=4.0 ilp=1 tpb=128 bpcu=16 vgpr_regs=54 occ_blocks_per_cu=16 rate=4789200000.0 reads_per_s=0.0 avg_w=263.8 avg_sclk_mhz=2784 avg_mclk_mhz=875 seconds=1.433
  mode=hash gib=4.0 ilp=1 tpb=128 bpcu=32 vgpr_regs=54 occ_blocks_per_cu=16 rate=4759700000.0 reads_per_s=0.0 avg_w=262.4 avg_sclk_mhz=2788 avg_mclk_mhz=875 seconds=1.389
  mode=hash gib=4.0 ilp=1 tpb=256 bpcu=4 vgpr_regs=54 occ_blocks_per_cu=8 rate=4449800000.0 reads_per_s=0.0 avg_w=257.2 avg_sclk_mhz=2830 avg_mclk_mhz=875 seconds=1.437
  mode=hash gib=4.0 ilp=1 tpb=256 bpcu=8 vgpr_regs=54 occ_blocks_per_cu=8 rate=4797300000.0 reads_per_s=0.0 avg_w=263.8 avg_sclk_mhz=2786 avg_mclk_mhz=875 seconds=1.486
  mode=hash gib=4.0 ilp=1 tpb=256 bpcu=16 vgpr_regs=54 occ_blocks_per_cu=8 rate=5106100000.0 reads_per_s=0.0 avg_w=291.2 avg_sclk_mhz=2857 avg_mclk_mhz=1124 seconds=1.526
  mode=hash gib=4.0 ilp=1 tpb=256 bpcu=32 vgpr_regs=54 occ_blocks_per_cu=8 rate=4843300000.0 reads_per_s=0.0 avg_w=268.6 avg_sclk_mhz=2765 avg_mclk_mhz=1124 seconds=1.467
== hash: final run with {'tpb': 256, 'bpcu': 16}
  mode=hash gib=4.0 ilp=1 tpb=256 bpcu=16 vgpr_regs=54 occ_blocks_per_cu=8 rate=5091300000.0 reads_per_s=0.0 avg_w=301.7 avg_sclk_mhz=2919 avg_mclk_mhz=1124 seconds=8.5
  verify: header-hash samples=128 match=128 mismatch=0 unwritten=0
== dev_0.03125gib: sweep
  mode=dev gib=0.03 ilp=1 tpb=64 bpcu=2 vgpr_regs=76 occ_blocks_per_cu=32 rate=106050000.0 reads_per_s=848430000.0 avg_w=140.2 avg_sclk_mhz=2947 avg_mclk_mhz=1124 seconds=1.381
  mode=dev gib=0.03 ilp=1 tpb=64 bpcu=4 vgpr_regs=76 occ_blocks_per_cu=32 rate=177400000.0 reads_per_s=1419200000.0 avg_w=190.8 avg_sclk_mhz=3003 avg_mclk_mhz=1124 seconds=1.563
  mode=dev gib=0.03 ilp=1 tpb=64 bpcu=8 vgpr_regs=76 occ_blocks_per_cu=32 rate=348790000.0 reads_per_s=2790300000.0 avg_w=258.6 avg_sclk_mhz=2858 avg_mclk_mhz=1124 seconds=1.48
  mode=dev gib=0.03 ilp=1 tpb=64 bpcu=16 vgpr_regs=76 occ_blocks_per_cu=32 rate=386050000.0 reads_per_s=3088400000.0 avg_w=280.8 avg_sclk_mhz=2899 avg_mclk_mhz=1124 seconds=1.613
  mode=dev gib=0.03 ilp=1 tpb=128 bpcu=2 vgpr_regs=76 occ_blocks_per_cu=16 rate=186760000.0 reads_per_s=1494100000.0 avg_w=188.0 avg_sclk_mhz=2954 avg_mclk_mhz=1124 seconds=1.474
  mode=dev gib=0.03 ilp=1 tpb=128 bpcu=4 vgpr_regs=76 occ_blocks_per_cu=16 rate=352610000.0 reads_per_s=2820900000.0 avg_w=265.6 avg_sclk_mhz=2892 avg_mclk_mhz=1124 seconds=1.471
  mode=dev gib=0.03 ilp=1 tpb=128 bpcu=8 vgpr_regs=76 occ_blocks_per_cu=16 rate=382400000.0 reads_per_s=3059200000.0 avg_w=274.5 avg_sclk_mhz=2866 avg_mclk_mhz=1124 seconds=1.527
  mode=dev gib=0.03 ilp=1 tpb=128 bpcu=16 vgpr_regs=76 occ_blocks_per_cu=16 rate=412420000.0 reads_per_s=3299300000.0 avg_w=267.8 avg_sclk_mhz=2720 avg_mclk_mhz=1124 seconds=1.414
  mode=dev gib=0.03 ilp=1 tpb=256 bpcu=2 vgpr_regs=76 occ_blocks_per_cu=8 rate=344120000.0 reads_per_s=2752900000.0 avg_w=255.4 avg_sclk_mhz=2833 avg_mclk_mhz=1124 seconds=1.378
  mode=dev gib=0.03 ilp=1 tpb=256 bpcu=4 vgpr_regs=76 occ_blocks_per_cu=8 rate=373270000.0 reads_per_s=2986100000.0 avg_w=260.4 avg_sclk_mhz=2777 avg_mclk_mhz=1124 seconds=1.364
  mode=dev gib=0.03 ilp=1 tpb=256 bpcu=8 vgpr_regs=76 occ_blocks_per_cu=8 rate=420520000.0 reads_per_s=3364200000.0 avg_w=272.8 avg_sclk_mhz=2737 avg_mclk_mhz=1124 seconds=1.484
  mode=dev gib=0.03 ilp=1 tpb=256 bpcu=16 vgpr_regs=76 occ_blocks_per_cu=8 rate=430130000.0 reads_per_s=3441000000.0 avg_w=288.8 avg_sclk_mhz=2811 avg_mclk_mhz=1124 seconds=1.492
  mode=dev gib=0.03 ilp=2 tpb=64 bpcu=2 vgpr_regs=109 occ_blocks_per_cu=24 rate=83203000.0 reads_per_s=665630000.0 avg_w=141.0 avg_sclk_mhz=3108 avg_mclk_mhz=1124 seconds=1.602
  mode=dev gib=0.03 ilp=2 tpb=64 bpcu=4 vgpr_regs=109 occ_blocks_per_cu=24 rate=149650000.0 reads_per_s=1197200000.0 avg_w=171.2 avg_sclk_mhz=2940 avg_mclk_mhz=1124 seconds=1.413
  mode=dev gib=0.03 ilp=2 tpb=64 bpcu=8 vgpr_regs=109 occ_blocks_per_cu=24 rate=222450000.0 reads_per_s=1779600000.0 avg_w=219.5 avg_sclk_mhz=2959 avg_mclk_mhz=1124 seconds=1.551
  mode=dev gib=0.03 ilp=2 tpb=64 bpcu=16 vgpr_regs=109 occ_blocks_per_cu=24 rate=317360000.0 reads_per_s=2538900000.0 avg_w=249.8 avg_sclk_mhz=2855 avg_mclk_mhz=1124 seconds=1.57
  mode=dev gib=0.03 ilp=2 tpb=128 bpcu=2 vgpr_regs=109 occ_blocks_per_cu=12 rate=158020000.0 reads_per_s=1264200000.0 avg_w=173.8 avg_sclk_mhz=2956 avg_mclk_mhz=1124 seconds=1.427
  mode=dev gib=0.03 ilp=2 tpb=128 bpcu=4 vgpr_regs=109 occ_blocks_per_cu=12 rate=222360000.0 reads_per_s=1778800000.0 avg_w=219.0 avg_sclk_mhz=2956 avg_mclk_mhz=1124 seconds=1.554
  mode=dev gib=0.03 ilp=2 tpb=128 bpcu=8 vgpr_regs=109 occ_blocks_per_cu=12 rate=314090000.0 reads_per_s=2512800000.0 avg_w=239.4 avg_sclk_mhz=2795 avg_mclk_mhz=1124 seconds=1.495
  mode=dev gib=0.03 ilp=2 tpb=128 bpcu=16 vgpr_regs=109 occ_blocks_per_cu=12 rate=399330000.0 reads_per_s=3194700000.0 avg_w=296.1 avg_sclk_mhz=2912 avg_mclk_mhz=1124 seconds=2.015
  mode=dev gib=0.03 ilp=2 tpb=256 bpcu=2 vgpr_regs=109 occ_blocks_per_cu=6 rate=222460000.0 reads_per_s=1779700000.0 avg_w=219.7 avg_sclk_mhz=2956 avg_mclk_mhz=1124 seconds=1.566
  mode=dev gib=0.03 ilp=2 tpb=256 bpcu=4 vgpr_regs=109 occ_blocks_per_cu=6 rate=318570000.0 reads_per_s=2548600000.0 avg_w=244.8 avg_sclk_mhz=2805 avg_mclk_mhz=1124 seconds=1.489
  mode=dev gib=0.03 ilp=2 tpb=256 bpcu=8 vgpr_regs=109 occ_blocks_per_cu=6 rate=411380000.0 reads_per_s=3291100000.0 avg_w=288.5 avg_sclk_mhz=2843 avg_mclk_mhz=1124 seconds=1.695
  mode=dev gib=0.03 ilp=2 tpb=256 bpcu=16 vgpr_regs=109 occ_blocks_per_cu=6 rate=417050000.0 reads_per_s=3336400000.0 avg_w=272.0 avg_sclk_mhz=2691 avg_mclk_mhz=1124 seconds=1.392
  mode=dev gib=0.03 ilp=4 tpb=64 bpcu=2 vgpr_regs=172 occ_blocks_per_cu=16 rate=71560000.0 reads_per_s=572480000.0 avg_w=122.8 avg_sclk_mhz=2928 avg_mclk_mhz=1124 seconds=1.387
  mode=dev gib=0.03 ilp=4 tpb=64 bpcu=4 vgpr_regs=172 occ_blocks_per_cu=16 rate=102000000.0 reads_per_s=816000000.0 avg_w=143.2 avg_sclk_mhz=2963 avg_mclk_mhz=1124 seconds=1.547
  mode=dev gib=0.03 ilp=4 tpb=64 bpcu=8 vgpr_regs=172 occ_blocks_per_cu=16 rate=153520000.0 reads_per_s=1228200000.0 avg_w=177.7 avg_sclk_mhz=2954 avg_mclk_mhz=1124 seconds=1.664
  mode=dev gib=0.03 ilp=4 tpb=64 bpcu=16 vgpr_regs=172 occ_blocks_per_cu=16 rate=240520000.0 reads_per_s=1924100000.0 avg_w=249.2 avg_sclk_mhz=3073 avg_mclk_mhz=1124 seconds=1.849
  mode=dev gib=0.03 ilp=4 tpb=128 bpcu=2 vgpr_regs=172 occ_blocks_per_cu=8 rate=102060000.0 reads_per_s=816470000.0 avg_w=144.0 avg_sclk_mhz=2965 avg_mclk_mhz=1124 seconds=1.537
  mode=dev gib=0.03 ilp=4 tpb=128 bpcu=4 vgpr_regs=172 occ_blocks_per_cu=8 rate=153690000.0 reads_per_s=1229500000.0 avg_w=178.8 avg_sclk_mhz=2955 avg_mclk_mhz=1124 seconds=1.689
  mode=dev gib=0.03 ilp=4 tpb=128 bpcu=8 vgpr_regs=172 occ_blocks_per_cu=8 rate=219130000.0 reads_per_s=1753000000.0 avg_w=237.4 avg_sclk_mhz=3115 avg_mclk_mhz=1124 seconds=2.121
  mode=dev gib=0.03 ilp=4 tpb=128 bpcu=16 vgpr_regs=172 occ_blocks_per_cu=8 rate=267960000.0 reads_per_s=2143700000.0 avg_w=261.7 avg_sclk_mhz=3058 avg_mclk_mhz=1124 seconds=2.06
  mode=dev gib=0.03 ilp=4 tpb=256 bpcu=2 vgpr_regs=172 occ_blocks_per_cu=4 rate=153470000.0 reads_per_s=1227800000.0 avg_w=177.8 avg_sclk_mhz=2952 avg_mclk_mhz=1124 seconds=1.66
  mode=dev gib=0.03 ilp=4 tpb=256 bpcu=4 vgpr_regs=172 occ_blocks_per_cu=4 rate=260180000.0 reads_per_s=2081400000.0 avg_w=230.7 avg_sclk_mhz=2879 avg_mclk_mhz=1124 seconds=1.723
  mode=dev gib=0.03 ilp=4 tpb=256 bpcu=8 vgpr_regs=172 occ_blocks_per_cu=4 rate=252390000.0 reads_per_s=2019100000.0 avg_w=253.3 avg_sclk_mhz=3093 avg_mclk_mhz=1124 seconds=1.87
  mode=dev gib=0.03 ilp=4 tpb=256 bpcu=16 vgpr_regs=172 occ_blocks_per_cu=4 rate=290400000.0 reads_per_s=2323200000.0 avg_w=276.2 avg_sclk_mhz=3034 avg_mclk_mhz=1124 seconds=1.982
  mode=dev gib=0.03 ilp=8 tpb=64 bpcu=2 vgpr_regs=256 occ_blocks_per_cu=12 rate=48118000.0 reads_per_s=384940000.0 avg_w=116.7 avg_sclk_mhz=3092 avg_mclk_mhz=1124 seconds=1.747
  mode=dev gib=0.03 ilp=8 tpb=64 bpcu=4 vgpr_regs=256 occ_blocks_per_cu=12 rate=82186000.0 reads_per_s=657490000.0 avg_w=162.5 avg_sclk_mhz=3274 avg_mclk_mhz=1124 seconds=1.931
  mode=dev gib=0.03 ilp=8 tpb=64 bpcu=8 vgpr_regs=256 occ_blocks_per_cu=12 rate=141370000.0 reads_per_s=1130900000.0 avg_w=179.7 avg_sclk_mhz=2979 avg_mclk_mhz=1124 seconds=1.686
  mode=dev gib=0.03 ilp=8 tpb=64 bpcu=16 vgpr_regs=256 occ_blocks_per_cu=12 rate=141410000.0 reads_per_s=1131300000.0 avg_w=194.3 avg_sclk_mhz=3155 avg_mclk_mhz=1124 seconds=1.769
  mode=dev gib=0.03 ilp=8 tpb=128 bpcu=2 vgpr_regs=256 occ_blocks_per_cu=6 rate=78664000.0 reads_per_s=629310000.0 avg_w=129.7 avg_sclk_mhz=2960 avg_mclk_mhz=1124 seconds=1.62
  mode=dev gib=0.03 ilp=8 tpb=128 bpcu=4 vgpr_regs=256 occ_blocks_per_cu=6 rate=141950000.0 reads_per_s=1135600000.0 avg_w=175.2 avg_sclk_mhz=2980 avg_mclk_mhz=1124 seconds=1.753
  mode=dev gib=0.03 ilp=8 tpb=128 bpcu=8 vgpr_regs=256 occ_blocks_per_cu=6 rate=145700000.0 reads_per_s=1165600000.0 avg_w=211.3 avg_sclk_mhz=3234 avg_mclk_mhz=1124 seconds=2.089
  mode=dev gib=0.03 ilp=8 tpb=128 bpcu=16 vgpr_regs=256 occ_blocks_per_cu=6 rate=143690000.0 reads_per_s=1149500000.0 avg_w=181.5 avg_sclk_mhz=2997 avg_mclk_mhz=1124 seconds=1.642
  mode=dev gib=0.03 ilp=8 tpb=256 bpcu=2 vgpr_regs=256 occ_blocks_per_cu=3 rate=141020000.0 reads_per_s=1128200000.0 avg_w=173.0 avg_sclk_mhz=2953 avg_mclk_mhz=1124 seconds=1.69
  mode=dev gib=0.03 ilp=8 tpb=256 bpcu=4 vgpr_regs=256 occ_blocks_per_cu=3 rate=141520000.0 reads_per_s=1132200000.0 avg_w=195.2 avg_sclk_mhz=3154 avg_mclk_mhz=1124 seconds=1.767
  mode=dev gib=0.03 ilp=8 tpb=256 bpcu=8 vgpr_regs=256 occ_blocks_per_cu=3 rate=142070000.0 reads_per_s=1136600000.0 avg_w=197.3 avg_sclk_mhz=3162 avg_mclk_mhz=1124 seconds=1.926
  mode=dev gib=0.03 ilp=8 tpb=256 bpcu=16 vgpr_regs=256 occ_blocks_per_cu=3 rate=142290000.0 reads_per_s=1138300000.0 avg_w=180.2 avg_sclk_mhz=3014 avg_mclk_mhz=1124 seconds=1.658
== dev_0.03125gib: final run with {'ilp': 1, 'tpb': 256, 'bpcu': 16}
  mode=dev gib=0.03 ilp=1 tpb=256 bpcu=16 vgpr_regs=76 occ_blocks_per_cu=8 rate=434870000.0 reads_per_s=3479000000.0 avg_w=299.2 avg_sclk_mhz=2859 avg_mclk_mhz=1124 seconds=8.587
  verify: attempt n=524288 s=458752 samples=128 match=128 mismatch=0 unwritten=0
== dev_1gib: sweep
  mode=dev gib=1.0 ilp=1 tpb=64 bpcu=2 vgpr_regs=76 occ_blocks_per_cu=32 rate=96988000.0 reads_per_s=775900000.0 avg_w=150.4 avg_sclk_mhz=2889 avg_mclk_mhz=1258 seconds=1.27
  mode=dev gib=1.0 ilp=1 tpb=64 bpcu=4 vgpr_regs=76 occ_blocks_per_cu=32 rate=177540000.0 reads_per_s=1420300000.0 avg_w=207.2 avg_sclk_mhz=2878 avg_mclk_mhz=1258 seconds=1.287
  mode=dev gib=1.0 ilp=1 tpb=64 bpcu=8 vgpr_regs=76 occ_blocks_per_cu=32 rate=313220000.0 reads_per_s=2505800000.0 avg_w=264.0 avg_sclk_mhz=2729 avg_mclk_mhz=1258 seconds=1.294
  mode=dev gib=1.0 ilp=1 tpb=64 bpcu=16 vgpr_regs=76 occ_blocks_per_cu=32 rate=337470000.0 reads_per_s=2699700000.0 avg_w=274.0 avg_sclk_mhz=2735 avg_mclk_mhz=1258 seconds=1.487
  mode=dev gib=1.0 ilp=1 tpb=128 bpcu=2 vgpr_regs=76 occ_blocks_per_cu=16 rate=190600000.0 reads_per_s=1524800000.0 avg_w=238.5 avg_sclk_mhz=3116 avg_mclk_mhz=1258 seconds=1.637
  mode=dev gib=1.0 ilp=1 tpb=128 bpcu=4 vgpr_regs=76 occ_blocks_per_cu=16 rate=323640000.0 reads_per_s=2589100000.0 avg_w=297.7 avg_sclk_mhz=2956 avg_mclk_mhz=1258 seconds=1.929
  mode=dev gib=1.0 ilp=1 tpb=128 bpcu=8 vgpr_regs=76 occ_blocks_per_cu=16 rate=339310000.0 reads_per_s=2714500000.0 avg_w=278.5 avg_sclk_mhz=2766 avg_mclk_mhz=1258 seconds=1.506
  mode=dev gib=1.0 ilp=1 tpb=128 bpcu=16 vgpr_regs=76 occ_blocks_per_cu=16 rate=354180000.0 reads_per_s=2833500000.0 avg_w=282.7 avg_sclk_mhz=2732 avg_mclk_mhz=1258 seconds=1.619
  mode=dev gib=1.0 ilp=1 tpb=256 bpcu=2 vgpr_regs=76 occ_blocks_per_cu=8 rate=318590000.0 reads_per_s=2548700000.0 avg_w=268.8 avg_sclk_mhz=2772 avg_mclk_mhz=1258 seconds=1.43
  mode=dev gib=1.0 ilp=1 tpb=256 bpcu=4 vgpr_regs=76 occ_blocks_per_cu=8 rate=339060000.0 reads_per_s=2712500000.0 avg_w=274.4 avg_sclk_mhz=2738 avg_mclk_mhz=1258 seconds=1.495
  mode=dev gib=1.0 ilp=1 tpb=256 bpcu=8 vgpr_regs=76 occ_blocks_per_cu=8 rate=362140000.0 reads_per_s=2897100000.0 avg_w=304.7 avg_sclk_mhz=2867 avg_mclk_mhz=1258 seconds=2.15
  mode=dev gib=1.0 ilp=1 tpb=256 bpcu=16 vgpr_regs=76 occ_blocks_per_cu=8 rate=355750000.0 reads_per_s=2846000000.0 avg_w=283.7 avg_sclk_mhz=2728 avg_mclk_mhz=1258 seconds=1.678
  mode=dev gib=1.0 ilp=2 tpb=64 bpcu=2 vgpr_regs=109 occ_blocks_per_cu=24 rate=76949000.0 reads_per_s=615590000.0 avg_w=138.6 avg_sclk_mhz=2934 avg_mclk_mhz=1258 seconds=1.354
  mode=dev gib=1.0 ilp=2 tpb=64 bpcu=4 vgpr_regs=109 occ_blocks_per_cu=24 rate=150630000.0 reads_per_s=1205100000.0 avg_w=191.8 avg_sclk_mhz=2933 avg_mclk_mhz=1258 seconds=1.368
  mode=dev gib=1.0 ilp=2 tpb=64 bpcu=8 vgpr_regs=109 occ_blocks_per_cu=24 rate=146510000.0 reads_per_s=1172100000.0 avg_w=190.3 avg_sclk_mhz=2961 avg_mclk_mhz=1258 seconds=1.729
  mode=dev gib=1.0 ilp=2 tpb=64 bpcu=16 vgpr_regs=109 occ_blocks_per_cu=24 rate=195760000.0 reads_per_s=1566100000.0 avg_w=269.2 avg_sclk_mhz=3240 avg_mclk_mhz=1258 seconds=1.901
  mode=dev gib=1.0 ilp=2 tpb=128 bpcu=2 vgpr_regs=109 occ_blocks_per_cu=12 rate=152020000.0 reads_per_s=1216100000.0 avg_w=204.2 avg_sclk_mhz=2973 avg_mclk_mhz=1258 seconds=1.352
  mode=dev gib=1.0 ilp=2 tpb=128 bpcu=4 vgpr_regs=109 occ_blocks_per_cu=12 rate=146890000.0 reads_per_s=1175100000.0 avg_w=196.7 avg_sclk_mhz=2982 avg_mclk_mhz=1258 seconds=1.727
  mode=dev gib=1.0 ilp=2 tpb=128 bpcu=8 vgpr_regs=109 occ_blocks_per_cu=12 rate=192690000.0 reads_per_s=1541500000.0 avg_w=269.8 avg_sclk_mhz=3220 avg_mclk_mhz=1258 seconds=1.907
  mode=dev gib=1.0 ilp=2 tpb=128 bpcu=16 vgpr_regs=109 occ_blocks_per_cu=12 rate=330280000.0 reads_per_s=2642200000.0 avg_w=277.4 avg_sclk_mhz=2720 avg_mclk_mhz=1258 seconds=1.479
  mode=dev gib=1.0 ilp=2 tpb=256 bpcu=2 vgpr_regs=109 occ_blocks_per_cu=6 rate=149100000.0 reads_per_s=1192800000.0 avg_w=221.0 avg_sclk_mhz=3203 avg_mclk_mhz=1258 seconds=1.832
  mode=dev gib=1.0 ilp=2 tpb=256 bpcu=4 vgpr_regs=109 occ_blocks_per_cu=6 rate=192200000.0 reads_per_s=1537600000.0 avg_w=261.1 avg_sclk_mhz=3202 avg_mclk_mhz=1258 seconds=2.44
  mode=dev gib=1.0 ilp=2 tpb=256 bpcu=8 vgpr_regs=109 occ_blocks_per_cu=6 rate=337820000.0 reads_per_s=2702600000.0 avg_w=282.7 avg_sclk_mhz=2736 avg_mclk_mhz=1258 seconds=1.631
  mode=dev gib=1.0 ilp=2 tpb=256 bpcu=16 vgpr_regs=109 occ_blocks_per_cu=6 rate=347570000.0 reads_per_s=2780600000.0 avg_w=303.7 avg_sclk_mhz=2839 avg_mclk_mhz=1258 seconds=1.758
  mode=dev gib=1.0 ilp=4 tpb=64 bpcu=2 vgpr_regs=172 occ_blocks_per_cu=16 rate=71316000.0 reads_per_s=570530000.0 avg_w=137.8 avg_sclk_mhz=2934 avg_mclk_mhz=1258 seconds=1.352
  mode=dev gib=1.0 ilp=4 tpb=64 bpcu=4 vgpr_regs=172 occ_blocks_per_cu=16 rate=81077000.0 reads_per_s=648610000.0 avg_w=143.2 avg_sclk_mhz=2970 avg_mclk_mhz=1258 seconds=1.644
  mode=dev gib=1.0 ilp=4 tpb=64 bpcu=8 vgpr_regs=172 occ_blocks_per_cu=16 rate=109970000.0 reads_per_s=879780000.0 avg_w=186.0 avg_sclk_mhz=3163 avg_mclk_mhz=1258 seconds=1.781
  mode=dev gib=1.0 ilp=4 tpb=64 bpcu=16 vgpr_regs=172 occ_blocks_per_cu=16 rate=143810000.0 reads_per_s=1150500000.0 avg_w=222.9 avg_sclk_mhz=3228 avg_mclk_mhz=1258 seconds=2.937
  mode=dev gib=1.0 ilp=4 tpb=128 bpcu=2 vgpr_regs=172 occ_blocks_per_cu=8 rate=81964000.0 reads_per_s=655720000.0 avg_w=158.8 avg_sclk_mhz=3047 avg_mclk_mhz=1258 seconds=1.63
  mode=dev gib=1.0 ilp=4 tpb=128 bpcu=4 vgpr_regs=172 occ_blocks_per_cu=8 rate=110680000.0 reads_per_s=885430000.0 avg_w=203.8 avg_sclk_mhz=3239 avg_mclk_mhz=1258 seconds=1.78
  mode=dev gib=1.0 ilp=4 tpb=128 bpcu=8 vgpr_regs=172 occ_blocks_per_cu=8 rate=143280000.0 reads_per_s=1146200000.0 avg_w=234.3 avg_sclk_mhz=3247 avg_mclk_mhz=1258 seconds=2.948
  mode=dev gib=1.0 ilp=4 tpb=128 bpcu=16 vgpr_regs=172 occ_blocks_per_cu=8 rate=153460000.0 reads_per_s=1227700000.0 avg_w=244.7 avg_sclk_mhz=3259 avg_mclk_mhz=1258 seconds=2.783
  mode=dev gib=1.0 ilp=4 tpb=256 bpcu=2 vgpr_regs=172 occ_blocks_per_cu=4 rate=110860000.0 reads_per_s=886890000.0 avg_w=203.7 avg_sclk_mhz=3234 avg_mclk_mhz=1258 seconds=1.782
  mode=dev gib=1.0 ilp=4 tpb=256 bpcu=4 vgpr_regs=172 occ_blocks_per_cu=4 rate=146810000.0 reads_per_s=1174500000.0 avg_w=221.6 avg_sclk_mhz=3181 avg_mclk_mhz=1258 seconds=2.467
  mode=dev gib=1.0 ilp=4 tpb=256 bpcu=8 vgpr_regs=172 occ_blocks_per_cu=4 rate=157410000.0 reads_per_s=1259300000.0 avg_w=249.2 avg_sclk_mhz=3252 avg_mclk_mhz=1258 seconds=2.848
  mode=dev gib=1.0 ilp=4 tpb=256 bpcu=16 vgpr_regs=172 occ_blocks_per_cu=4 rate=153180000.0 reads_per_s=1225400000.0 avg_w=234.4 avg_sclk_mhz=3214 avg_mclk_mhz=1258 seconds=2.126
  mode=dev gib=1.0 ilp=8 tpb=64 bpcu=2 vgpr_regs=256 occ_blocks_per_cu=12 rate=40599000.0 reads_per_s=324790000.0 avg_w=125.8 avg_sclk_mhz=3052 avg_mclk_mhz=1258 seconds=1.613
  mode=dev gib=1.0 ilp=8 tpb=64 bpcu=4 vgpr_regs=256 occ_blocks_per_cu=12 rate=64945000.0 reads_per_s=519560000.0 avg_w=144.3 avg_sclk_mhz=3035 avg_mclk_mhz=1258 seconds=1.726
  mode=dev gib=1.0 ilp=8 tpb=64 bpcu=8 vgpr_regs=256 occ_blocks_per_cu=12 rate=103080000.0 reads_per_s=824650000.0 avg_w=199.7 avg_sclk_mhz=3253 avg_mclk_mhz=1258 seconds=1.877
  mode=dev gib=1.0 ilp=8 tpb=64 bpcu=16 vgpr_regs=256 occ_blocks_per_cu=12 rate=99469000.0 reads_per_s=795750000.0 avg_w=185.8 avg_sclk_mhz=3192 avg_mclk_mhz=1258 seconds=1.779
  mode=dev gib=1.0 ilp=8 tpb=128 bpcu=2 vgpr_regs=256 occ_blocks_per_cu=6 rate=64412000.0 reads_per_s=515300000.0 avg_w=133.8 avg_sclk_mhz=2977 avg_mclk_mhz=1258 seconds=1.74
  mode=dev gib=1.0 ilp=8 tpb=128 bpcu=4 vgpr_regs=256 occ_blocks_per_cu=6 rate=103370000.0 reads_per_s=826950000.0 avg_w=197.7 avg_sclk_mhz=3247 avg_mclk_mhz=1258 seconds=2.031
  mode=dev gib=1.0 ilp=8 tpb=128 bpcu=8 vgpr_regs=256 occ_blocks_per_cu=6 rate=99457000.0 reads_per_s=795660000.0 avg_w=184.2 avg_sclk_mhz=3186 avg_mclk_mhz=1258 seconds=1.779
  mode=dev gib=1.0 ilp=8 tpb=128 bpcu=16 vgpr_regs=256 occ_blocks_per_cu=6 rate=98289000.0 reads_per_s=786310000.0 avg_w=183.5 avg_sclk_mhz=3185 avg_mclk_mhz=1258 seconds=1.776
  mode=dev gib=1.0 ilp=8 tpb=256 bpcu=2 vgpr_regs=256 occ_blocks_per_cu=3 rate=101590000.0 reads_per_s=812720000.0 avg_w=181.8 avg_sclk_mhz=3159 avg_mclk_mhz=1258 seconds=1.858
  mode=dev gib=1.0 ilp=8 tpb=256 bpcu=4 vgpr_regs=256 occ_blocks_per_cu=3 rate=101700000.0 reads_per_s=813590000.0 avg_w=185.7 avg_sclk_mhz=3177 avg_mclk_mhz=1258 seconds=1.786
  mode=dev gib=1.0 ilp=8 tpb=256 bpcu=8 vgpr_regs=256 occ_blocks_per_cu=3 rate=101790000.0 reads_per_s=814360000.0 avg_w=185.8 avg_sclk_mhz=3182 avg_mclk_mhz=1258 seconds=1.808
  mode=dev gib=1.0 ilp=8 tpb=256 bpcu=16 vgpr_regs=256 occ_blocks_per_cu=3 rate=102580000.0 reads_per_s=820670000.0 avg_w=189.3 avg_sclk_mhz=3204 avg_mclk_mhz=1258 seconds=1.84
== dev_1gib: final run with {'ilp': 1, 'tpb': 256, 'bpcu': 8}
  mode=dev gib=1.0 ilp=1 tpb=256 bpcu=8 vgpr_regs=76 occ_blocks_per_cu=8 rate=361690000.0 reads_per_s=2893500000.0 avg_w=303.6 avg_sclk_mhz=2854 avg_mclk_mhz=1258 seconds=9.51
  verify: attempt n=16777216 s=16711680 samples=128 match=128 mismatch=0 unwritten=0
== dev_4gib: sweep
  mode=dev gib=4.0 ilp=1 tpb=64 bpcu=2 vgpr_regs=76 occ_blocks_per_cu=32 rate=103350000.0 reads_per_s=826770000.0 avg_w=170.2 avg_sclk_mhz=3110 avg_mclk_mhz=1258 seconds=1.632
  mode=dev gib=4.0 ilp=1 tpb=64 bpcu=4 vgpr_regs=76 occ_blocks_per_cu=32 rate=187910000.0 reads_per_s=1503300000.0 avg_w=236.2 avg_sclk_mhz=3061 avg_mclk_mhz=1258 seconds=1.631
  mode=dev gib=4.0 ilp=1 tpb=64 bpcu=8 vgpr_regs=76 occ_blocks_per_cu=32 rate=321140000.0 reads_per_s=2569100000.0 avg_w=284.7 avg_sclk_mhz=2877 avg_mclk_mhz=1258 seconds=1.674
  mode=dev gib=4.0 ilp=1 tpb=64 bpcu=16 vgpr_regs=76 occ_blocks_per_cu=32 rate=338950000.0 reads_per_s=2711600000.0 avg_w=305.4 avg_sclk_mhz=2926 avg_mclk_mhz=1258 seconds=2.083
  mode=dev gib=4.0 ilp=1 tpb=128 bpcu=2 vgpr_regs=76 occ_blocks_per_cu=16 rate=187060000.0 reads_per_s=1496500000.0 avg_w=234.2 avg_sclk_mhz=3068 avg_mclk_mhz=1258 seconds=1.559
  mode=dev gib=4.0 ilp=1 tpb=128 bpcu=4 vgpr_regs=76 occ_blocks_per_cu=16 rate=320810000.0 reads_per_s=2566500000.0 avg_w=285.5 avg_sclk_mhz=2878 avg_mclk_mhz=1258 seconds=1.645
  mode=dev gib=4.0 ilp=1 tpb=128 bpcu=8 vgpr_regs=76 occ_blocks_per_cu=16 rate=336600000.0 reads_per_s=2692800000.0 avg_w=306.2 avg_sclk_mhz=2930 avg_mclk_mhz=1258 seconds=1.835
  mode=dev gib=4.0 ilp=1 tpb=128 bpcu=16 vgpr_regs=76 occ_blocks_per_cu=16 rate=342200000.0 reads_per_s=2737600000.0 avg_w=304.7 avg_sclk_mhz=2900 avg_mclk_mhz=1258 seconds=1.977
  mode=dev gib=4.0 ilp=1 tpb=256 bpcu=2 vgpr_regs=76 occ_blocks_per_cu=8 rate=327710000.0 reads_per_s=2621600000.0 avg_w=302.1 avg_sclk_mhz=2965 avg_mclk_mhz=1258 seconds=2.185
  mode=dev gib=4.0 ilp=1 tpb=256 bpcu=4 vgpr_regs=76 occ_blocks_per_cu=8 rate=339540000.0 reads_per_s=2716300000.0 avg_w=304.9 avg_sclk_mhz=2921 avg_mclk_mhz=1258 seconds=2.121
  mode=dev gib=4.0 ilp=1 tpb=256 bpcu=8 vgpr_regs=76 occ_blocks_per_cu=8 rate=344020000.0 reads_per_s=2752200000.0 avg_w=304.0 avg_sclk_mhz=2892 avg_mclk_mhz=1258 seconds=1.953
  mode=dev gib=4.0 ilp=1 tpb=256 bpcu=16 vgpr_regs=76 occ_blocks_per_cu=8 rate=344250000.0 reads_per_s=2754000000.0 avg_w=303.3 avg_sclk_mhz=2884 avg_mclk_mhz=1258 seconds=2.149
  mode=dev gib=4.0 ilp=2 tpb=64 bpcu=2 vgpr_regs=109 occ_blocks_per_cu=24 rate=79913000.0 reads_per_s=639300000.0 avg_w=154.7 avg_sclk_mhz=3092 avg_mclk_mhz=1258 seconds=1.606
  mode=dev gib=4.0 ilp=2 tpb=64 bpcu=4 vgpr_regs=109 occ_blocks_per_cu=24 rate=155040000.0 reads_per_s=1240300000.0 avg_w=214.3 avg_sclk_mhz=3083 avg_mclk_mhz=1258 seconds=1.546
  mode=dev gib=4.0 ilp=2 tpb=64 bpcu=8 vgpr_regs=109 occ_blocks_per_cu=24 rate=145480000.0 reads_per_s=1163800000.0 avg_w=223.5 avg_sclk_mhz=3208 avg_mclk_mhz=1258 seconds=1.855
  mode=dev gib=4.0 ilp=2 tpb=64 bpcu=16 vgpr_regs=109 occ_blocks_per_cu=24 rate=181720000.0 reads_per_s=1453800000.0 avg_w=266.7 avg_sclk_mhz=3228 avg_mclk_mhz=1258 seconds=1.944
  mode=dev gib=4.0 ilp=2 tpb=128 bpcu=2 vgpr_regs=109 occ_blocks_per_cu=12 rate=162170000.0 reads_per_s=1297300000.0 avg_w=252.8 avg_sclk_mhz=3301 avg_mclk_mhz=1258 seconds=1.827
  mode=dev gib=4.0 ilp=2 tpb=128 bpcu=4 vgpr_regs=109 occ_blocks_per_cu=12 rate=146480000.0 reads_per_s=1171800000.0 avg_w=241.0 avg_sclk_mhz=3274 avg_mclk_mhz=1258 seconds=1.868
  mode=dev gib=4.0 ilp=2 tpb=128 bpcu=8 vgpr_regs=109 occ_blocks_per_cu=12 rate=182210000.0 reads_per_s=1457700000.0 avg_w=269.7 avg_sclk_mhz=3240 avg_mclk_mhz=1258 seconds=1.952
  mode=dev gib=4.0 ilp=2 tpb=128 bpcu=16 vgpr_regs=109 occ_blocks_per_cu=12 rate=327210000.0 reads_per_s=2617700000.0 avg_w=302.0 avg_sclk_mhz=2906 avg_mclk_mhz=1258 seconds=2.329
  mode=dev gib=4.0 ilp=2 tpb=256 bpcu=2 vgpr_regs=109 occ_blocks_per_cu=6 rate=145420000.0 reads_per_s=1163300000.0 avg_w=220.2 avg_sclk_mhz=3198 avg_mclk_mhz=1258 seconds=1.87
  mode=dev gib=4.0 ilp=2 tpb=256 bpcu=4 vgpr_regs=109 occ_blocks_per_cu=6 rate=190490000.0 reads_per_s=1523900000.0 avg_w=267.7 avg_sclk_mhz=3234 avg_mclk_mhz=1258 seconds=1.861
  mode=dev gib=4.0 ilp=2 tpb=256 bpcu=8 vgpr_regs=109 occ_blocks_per_cu=6 rate=330110000.0 reads_per_s=2640900000.0 avg_w=306.0 avg_sclk_mhz=2908 avg_mclk_mhz=1258 seconds=1.905
  mode=dev gib=4.0 ilp=2 tpb=256 bpcu=16 vgpr_regs=109 occ_blocks_per_cu=6 rate=338460000.0 reads_per_s=2707600000.0 avg_w=305.4 avg_sclk_mhz=2871 avg_mclk_mhz=1258 seconds=2.147
  mode=dev gib=4.0 ilp=4 tpb=64 bpcu=2 vgpr_regs=172 occ_blocks_per_cu=16 rate=74078000.0 reads_per_s=592620000.0 avg_w=150.7 avg_sclk_mhz=3082 avg_mclk_mhz=1258 seconds=1.581
  mode=dev gib=4.0 ilp=4 tpb=64 bpcu=4 vgpr_regs=172 occ_blocks_per_cu=16 rate=81473000.0 reads_per_s=651780000.0 avg_w=165.0 avg_sclk_mhz=3205 avg_mclk_mhz=1258 seconds=1.792
  mode=dev gib=4.0 ilp=4 tpb=64 bpcu=8 vgpr_regs=172 occ_blocks_per_cu=16 rate=110290000.0 reads_per_s=882290000.0 avg_w=198.2 avg_sclk_mhz=3221 avg_mclk_mhz=1258 seconds=1.931
  mode=dev gib=4.0 ilp=4 tpb=64 bpcu=16 vgpr_regs=172 occ_blocks_per_cu=16 rate=132750000.0 reads_per_s=1062000000.0 avg_w=237.0 avg_sclk_mhz=3268 avg_mclk_mhz=1258 seconds=2.319
  mode=dev gib=4.0 ilp=4 tpb=128 bpcu=2 vgpr_regs=172 occ_blocks_per_cu=8 rate=82223000.0 reads_per_s=657790000.0 avg_w=182.5 avg_sclk_mhz=3293 avg_mclk_mhz=1258 seconds=1.765
  mode=dev gib=4.0 ilp=4 tpb=128 bpcu=4 vgpr_regs=172 occ_blocks_per_cu=8 rate=109880000.0 reads_per_s=879070000.0 avg_w=208.0 avg_sclk_mhz=3261 avg_mclk_mhz=1258 seconds=1.863
  mode=dev gib=4.0 ilp=4 tpb=128 bpcu=8 vgpr_regs=172 occ_blocks_per_cu=8 rate=139940000.0 reads_per_s=1119500000.0 avg_w=233.9 avg_sclk_mhz=3237 avg_mclk_mhz=1258 seconds=2.141
  mode=dev gib=4.0 ilp=4 tpb=128 bpcu=16 vgpr_regs=172 occ_blocks_per_cu=8 rate=142500000.0 reads_per_s=1140000000.0 avg_w=252.4 avg_sclk_mhz=3277 avg_mclk_mhz=1258 seconds=6.01
  mode=dev gib=4.0 ilp=4 tpb=256 bpcu=2 vgpr_regs=172 occ_blocks_per_cu=4 rate=112290000.0 reads_per_s=898290000.0 avg_w=220.7 avg_sclk_mhz=3331 avg_mclk_mhz=1258 seconds=2.201
  mode=dev gib=4.0 ilp=4 tpb=256 bpcu=4 vgpr_regs=172 occ_blocks_per_cu=4 rate=140410000.0 reads_per_s=1123300000.0 avg_w=228.8 avg_sclk_mhz=3215 avg_mclk_mhz=1258 seconds=1.647
  mode=dev gib=4.0 ilp=4 tpb=256 bpcu=8 vgpr_regs=172 occ_blocks_per_cu=4 rate=145960000.0 reads_per_s=1167600000.0 avg_w=243.6 avg_sclk_mhz=3246 avg_mclk_mhz=1258 seconds=2.085
  mode=dev gib=4.0 ilp=4 tpb=256 bpcu=16 vgpr_regs=172 occ_blocks_per_cu=4 rate=151180000.0 reads_per_s=1209500000.0 avg_w=239.0 avg_sclk_mhz=3246 avg_mclk_mhz=1258 seconds=1.841
  mode=dev gib=4.0 ilp=8 tpb=64 bpcu=2 vgpr_regs=256 occ_blocks_per_cu=12 rate=41257000.0 reads_per_s=330050000.0 avg_w=132.3 avg_sclk_mhz=3152 avg_mclk_mhz=1258 seconds=1.751
  mode=dev gib=4.0 ilp=8 tpb=64 bpcu=4 vgpr_regs=256 occ_blocks_per_cu=12 rate=67016000.0 reads_per_s=536130000.0 avg_w=177.6 avg_sclk_mhz=3355 avg_mclk_mhz=1258 seconds=2.209
  mode=dev gib=4.0 ilp=8 tpb=64 bpcu=8 vgpr_regs=256 occ_blocks_per_cu=12 rate=102970000.0 reads_per_s=823750000.0 avg_w=208.1 avg_sclk_mhz=3299 avg_mclk_mhz=1258 seconds=2.142
  mode=dev gib=4.0 ilp=8 tpb=64 bpcu=16 vgpr_regs=256 occ_blocks_per_cu=12 rate=99028000.0 reads_per_s=792220000.0 avg_w=192.7 avg_sclk_mhz=3228 avg_mclk_mhz=1258 seconds=1.858
  mode=dev gib=4.0 ilp=8 tpb=128 bpcu=2 vgpr_regs=256 occ_blocks_per_cu=6 rate=64936000.0 reads_per_s=519490000.0 avg_w=156.8 avg_sclk_mhz=3237 avg_mclk_mhz=1258 seconds=1.808
  mode=dev gib=4.0 ilp=8 tpb=128 bpcu=4 vgpr_regs=256 occ_blocks_per_cu=6 rate=102090000.0 reads_per_s=816690000.0 avg_w=199.2 avg_sclk_mhz=3246 avg_mclk_mhz=1258 seconds=1.907
  mode=dev gib=4.0 ilp=8 tpb=128 bpcu=8 vgpr_regs=256 occ_blocks_per_cu=6 rate=99301000.0 reads_per_s=794410000.0 avg_w=192.0 avg_sclk_mhz=3236 avg_mclk_mhz=1258 seconds=1.948
  mode=dev gib=4.0 ilp=8 tpb=128 bpcu=16 vgpr_regs=256 occ_blocks_per_cu=6 rate=98260000.0 reads_per_s=786080000.0 avg_w=198.1 avg_sclk_mhz=3263 avg_mclk_mhz=1258 seconds=2.065
  mode=dev gib=4.0 ilp=8 tpb=256 bpcu=2 vgpr_regs=256 occ_blocks_per_cu=3 rate=101230000.0 reads_per_s=809870000.0 avg_w=187.3 avg_sclk_mhz=3190 avg_mclk_mhz=1258 seconds=1.853
  mode=dev gib=4.0 ilp=8 tpb=256 bpcu=4 vgpr_regs=256 occ_blocks_per_cu=3 rate=101630000.0 reads_per_s=813020000.0 avg_w=192.4 avg_sclk_mhz=3222 avg_mclk_mhz=1258 seconds=2.089
  mode=dev gib=4.0 ilp=8 tpb=256 bpcu=8 vgpr_regs=256 occ_blocks_per_cu=3 rate=101970000.0 reads_per_s=815760000.0 avg_w=195.7 avg_sclk_mhz=3230 avg_mclk_mhz=1258 seconds=2.221
  mode=dev gib=4.0 ilp=8 tpb=256 bpcu=16 vgpr_regs=256 occ_blocks_per_cu=3 rate=103070000.0 reads_per_s=824570000.0 avg_w=204.6 avg_sclk_mhz=3275 avg_mclk_mhz=1258 seconds=2.106
== dev_4gib: final run with {'ilp': 1, 'tpb': 256, 'bpcu': 16}
  mode=dev gib=4.0 ilp=1 tpb=256 bpcu=16 vgpr_regs=76 occ_blocks_per_cu=8 rate=346400000.0 reads_per_s=2771200000.0 avg_w=303.6 avg_sclk_mhz=2881 avg_mclk_mhz=1258 seconds=10.874
  verify: attempt n=67108864 s=67043328 samples=128 match=128 mismatch=0 unwritten=0
== dev_12gib: sweep
  mode=dev gib=12.0 ilp=1 tpb=64 bpcu=2 vgpr_regs=76 occ_blocks_per_cu=32 rate=100150000.0 reads_per_s=801220000.0 avg_w=166.8 avg_sclk_mhz=3089 avg_mclk_mhz=1258 seconds=1.588
  mode=dev gib=12.0 ilp=1 tpb=64 bpcu=4 vgpr_regs=76 occ_blocks_per_cu=32 rate=188860000.0 reads_per_s=1510900000.0 avg_w=244.5 avg_sclk_mhz=3146 avg_mclk_mhz=1258 seconds=1.745
  mode=dev gib=12.0 ilp=1 tpb=64 bpcu=8 vgpr_regs=76 occ_blocks_per_cu=32 rate=321630000.0 reads_per_s=2573000000.0 avg_w=302.1 avg_sclk_mhz=2976 avg_mclk_mhz=1258 seconds=2.296
  mode=dev gib=12.0 ilp=1 tpb=64 bpcu=16 vgpr_regs=76 occ_blocks_per_cu=32 rate=336520000.0 reads_per_s=2692200000.0 avg_w=305.0 avg_sclk_mhz=2919 avg_mclk_mhz=1258 seconds=2.084
  mode=dev gib=12.0 ilp=1 tpb=128 bpcu=2 vgpr_regs=76 occ_blocks_per_cu=16 rate=188770000.0 reads_per_s=1510200000.0 avg_w=243.5 avg_sclk_mhz=3140 avg_mclk_mhz=1258 seconds=1.738
  mode=dev gib=12.0 ilp=1 tpb=128 bpcu=4 vgpr_regs=76 occ_blocks_per_cu=16 rate=321660000.0 reads_per_s=2573300000.0 avg_w=302.2 avg_sclk_mhz=2975 avg_mclk_mhz=1258 seconds=2.285
  mode=dev gib=12.0 ilp=1 tpb=128 bpcu=8 vgpr_regs=76 occ_blocks_per_cu=16 rate=336690000.0 reads_per_s=2693500000.0 avg_w=305.0 avg_sclk_mhz=2920 avg_mclk_mhz=1258 seconds=2.117
  mode=dev gib=12.0 ilp=1 tpb=128 bpcu=16 vgpr_regs=76 occ_blocks_per_cu=16 rate=344990000.0 reads_per_s=2759900000.0 avg_w=304.6 avg_sclk_mhz=2881 avg_mclk_mhz=1258 seconds=2.195
  mode=dev gib=12.0 ilp=1 tpb=256 bpcu=2 vgpr_regs=76 occ_blocks_per_cu=8 rate=321690000.0 reads_per_s=2573500000.0 avg_w=302.0 avg_sclk_mhz=2974 avg_mclk_mhz=1258 seconds=2.292
  mode=dev gib=12.0 ilp=1 tpb=256 bpcu=4 vgpr_regs=76 occ_blocks_per_cu=8 rate=336600000.0 reads_per_s=2692800000.0 avg_w=304.7 avg_sclk_mhz=2917 avg_mclk_mhz=1258 seconds=2.091
  mode=dev gib=12.0 ilp=1 tpb=256 bpcu=8 vgpr_regs=76 occ_blocks_per_cu=8 rate=344900000.0 reads_per_s=2759200000.0 avg_w=304.3 avg_sclk_mhz=2879 avg_mclk_mhz=1258 seconds=2.199
  mode=dev gib=12.0 ilp=1 tpb=256 bpcu=16 vgpr_regs=76 occ_blocks_per_cu=8 rate=326210000.0 reads_per_s=2609700000.0 avg_w=301.2 avg_sclk_mhz=2922 avg_mclk_mhz=1258 seconds=2.307
  mode=dev gib=12.0 ilp=2 tpb=64 bpcu=2 vgpr_regs=109 occ_blocks_per_cu=24 rate=79424000.0 reads_per_s=635390000.0 avg_w=158.3 avg_sclk_mhz=3150 avg_mclk_mhz=1258 seconds=1.746
  mode=dev gib=12.0 ilp=2 tpb=64 bpcu=4 vgpr_regs=109 occ_blocks_per_cu=24 rate=151450000.0 reads_per_s=1211600000.0 avg_w=244.9 avg_sclk_mhz=3311 avg_mclk_mhz=1258 seconds=2.245
  mode=dev gib=12.0 ilp=2 tpb=64 bpcu=8 vgpr_regs=109 occ_blocks_per_cu=24 rate=156730000.0 reads_per_s=1253900000.0 avg_w=254.7 avg_sclk_mhz=3314 avg_mclk_mhz=1258 seconds=2.247
  mode=dev gib=12.0 ilp=2 tpb=64 bpcu=16 vgpr_regs=109 occ_blocks_per_cu=24 rate=187360000.0 reads_per_s=1498800000.0 avg_w=287.4 avg_sclk_mhz=3293 avg_mclk_mhz=1258 seconds=2.245
  mode=dev gib=12.0 ilp=2 tpb=128 bpcu=2 vgpr_regs=109 occ_blocks_per_cu=12 rate=151620000.0 reads_per_s=1212900000.0 avg_w=245.1 avg_sclk_mhz=3313 avg_mclk_mhz=1258 seconds=2.282
  mode=dev gib=12.0 ilp=2 tpb=128 bpcu=4 vgpr_regs=109 occ_blocks_per_cu=12 rate=154500000.0 reads_per_s=1236000000.0 avg_w=252.3 avg_sclk_mhz=3295 avg_mclk_mhz=1258 seconds=1.993
  mode=dev gib=12.0 ilp=2 tpb=128 bpcu=8 vgpr_regs=109 occ_blocks_per_cu=12 rate=194410000.0 reads_per_s=1555300000.0 avg_w=287.0 avg_sclk_mhz=3264 avg_mclk_mhz=1258 seconds=2.178
  mode=dev gib=12.0 ilp=2 tpb=128 bpcu=16 vgpr_regs=109 occ_blocks_per_cu=12 rate=291400000.0 reads_per_s=2331200000.0 avg_w=297.9 avg_sclk_mhz=2986 avg_mclk_mhz=1258 seconds=2.316
  mode=dev gib=12.0 ilp=2 tpb=256 bpcu=2 vgpr_regs=109 occ_blocks_per_cu=6 rate=153710000.0 reads_per_s=1229700000.0 avg_w=236.0 avg_sclk_mhz=3232 avg_mclk_mhz=1258 seconds=2.024
  mode=dev gib=12.0 ilp=2 tpb=256 bpcu=4 vgpr_regs=109 occ_blocks_per_cu=6 rate=185170000.0 reads_per_s=1481300000.0 avg_w=280.6 avg_sclk_mhz=3262 avg_mclk_mhz=1258 seconds=2.109
  mode=dev gib=12.0 ilp=2 tpb=256 bpcu=8 vgpr_regs=109 occ_blocks_per_cu=6 rate=303520000.0 reads_per_s=2428200000.0 avg_w=301.5 avg_sclk_mhz=2971 avg_mclk_mhz=1258 seconds=2.266
  mode=dev gib=12.0 ilp=2 tpb=256 bpcu=16 vgpr_regs=109 occ_blocks_per_cu=6 rate=323890000.0 reads_per_s=2591100000.0 avg_w=304.3 avg_sclk_mhz=2901 avg_mclk_mhz=1258 seconds=2.12
  mode=dev gib=12.0 ilp=4 tpb=64 bpcu=2 vgpr_regs=172 occ_blocks_per_cu=16 rate=75083000.0 reads_per_s=600660000.0 avg_w=169.5 avg_sclk_mhz=3248 avg_mclk_mhz=1258 seconds=1.756
  mode=dev gib=12.0 ilp=4 tpb=64 bpcu=4 vgpr_regs=172 occ_blocks_per_cu=16 rate=84950000.0 reads_per_s=679600000.0 avg_w=174.3 avg_sclk_mhz=3239 avg_mclk_mhz=1258 seconds=1.909
  mode=dev gib=12.0 ilp=4 tpb=64 bpcu=8 vgpr_regs=172 occ_blocks_per_cu=16 rate=115940000.0 reads_per_s=927550000.0 avg_w=219.9 avg_sclk_mhz=3290 avg_mclk_mhz=1258 seconds=2.065
  mode=dev gib=12.0 ilp=4 tpb=64 bpcu=16 vgpr_regs=172 occ_blocks_per_cu=16 rate=178640000.0 reads_per_s=1429100000.0 avg_w=251.6 avg_sclk_mhz=3163 avg_mclk_mhz=1258 seconds=4.497
  mode=dev gib=12.0 ilp=4 tpb=128 bpcu=2 vgpr_regs=172 occ_blocks_per_cu=8 rate=87182000.0 reads_per_s=697450000.0 avg_w=196.6 avg_sclk_mhz=3346 avg_mclk_mhz=1258 seconds=2.253
  mode=dev gib=12.0 ilp=4 tpb=128 bpcu=4 vgpr_regs=172 occ_blocks_per_cu=8 rate=117230000.0 reads_per_s=937860000.0 avg_w=228.0 avg_sclk_mhz=3332 avg_mclk_mhz=1258 seconds=2.239
  mode=dev gib=12.0 ilp=4 tpb=128 bpcu=8 vgpr_regs=172 occ_blocks_per_cu=8 rate=167260000.0 reads_per_s=1338000000.0 avg_w=263.5 avg_sclk_mhz=3239 avg_mclk_mhz=1258 seconds=5.297
  mode=dev gib=12.0 ilp=4 tpb=128 bpcu=16 vgpr_regs=172 occ_blocks_per_cu=8 rate=156840000.0 reads_per_s=1254700000.0 avg_w=250.6 avg_sclk_mhz=3232 avg_mclk_mhz=1258 seconds=2.151
  mode=dev gib=12.0 ilp=4 tpb=256 bpcu=2 vgpr_regs=172 occ_blocks_per_cu=4 rate=115720000.0 reads_per_s=925740000.0 avg_w=224.3 avg_sclk_mhz=3304 avg_mclk_mhz=1258 seconds=1.978
  mode=dev gib=12.0 ilp=4 tpb=256 bpcu=4 vgpr_regs=172 occ_blocks_per_cu=4 rate=184220000.0 reads_per_s=1473700000.0 avg_w=263.0 avg_sclk_mhz=3199 avg_mclk_mhz=1258 seconds=1.985
  mode=dev gib=12.0 ilp=4 tpb=256 bpcu=8 vgpr_regs=172 occ_blocks_per_cu=4 rate=165150000.0 reads_per_s=1321200000.0 avg_w=261.1 avg_sclk_mhz=3248 avg_mclk_mhz=1258 seconds=4.357
  mode=dev gib=12.0 ilp=4 tpb=256 bpcu=16 vgpr_regs=172 occ_blocks_per_cu=4 rate=159390000.0 reads_per_s=1275100000.0 avg_w=254.9 avg_sclk_mhz=3238 avg_mclk_mhz=1258 seconds=2.339
  mode=dev gib=12.0 ilp=8 tpb=64 bpcu=2 vgpr_regs=256 occ_blocks_per_cu=12 rate=42986000.0 reads_per_s=343890000.0 avg_w=150.7 avg_sclk_mhz=3330 avg_mclk_mhz=1258 seconds=1.894
  mode=dev gib=12.0 ilp=8 tpb=64 bpcu=4 vgpr_regs=256 occ_blocks_per_cu=12 rate=69714000.0 reads_per_s=557710000.0 avg_w=179.5 avg_sclk_mhz=3327 avg_mclk_mhz=1258 seconds=1.946
  mode=dev gib=12.0 ilp=8 tpb=64 bpcu=8 vgpr_regs=256 occ_blocks_per_cu=12 rate=109860000.0 reads_per_s=878890000.0 avg_w=218.5 avg_sclk_mhz=3299 avg_mclk_mhz=1258 seconds=2.266
  mode=dev gib=12.0 ilp=8 tpb=64 bpcu=16 vgpr_regs=256 occ_blocks_per_cu=12 rate=109790000.0 reads_per_s=878360000.0 avg_w=206.7 avg_sclk_mhz=3252 avg_mclk_mhz=1258 seconds=1.998
  mode=dev gib=12.0 ilp=8 tpb=128 bpcu=2 vgpr_regs=256 occ_blocks_per_cu=6 rate=70111000.0 reads_per_s=560890000.0 avg_w=183.7 avg_sclk_mhz=3356 avg_mclk_mhz=1258 seconds=2.238
  mode=dev gib=12.0 ilp=8 tpb=128 bpcu=4 vgpr_regs=256 occ_blocks_per_cu=6 rate=110270000.0 reads_per_s=882160000.0 avg_w=220.0 avg_sclk_mhz=3316 avg_mclk_mhz=1258 seconds=2.247
  mode=dev gib=12.0 ilp=8 tpb=128 bpcu=8 vgpr_regs=256 occ_blocks_per_cu=6 rate=110840000.0 reads_per_s=886740000.0 avg_w=221.4 avg_sclk_mhz=3325 avg_mclk_mhz=1258 seconds=2.256
  mode=dev gib=12.0 ilp=8 tpb=128 bpcu=16 vgpr_regs=256 occ_blocks_per_cu=6 rate=105550000.0 reads_per_s=844370000.0 avg_w=206.7 avg_sclk_mhz=3271 avg_mclk_mhz=1258 seconds=2.012
  mode=dev gib=12.0 ilp=8 tpb=256 bpcu=2 vgpr_regs=256 occ_blocks_per_cu=3 rate=108700000.0 reads_per_s=869620000.0 avg_w=201.7 avg_sclk_mhz=3229 avg_mclk_mhz=1258 seconds=1.986
  mode=dev gib=12.0 ilp=8 tpb=256 bpcu=4 vgpr_regs=256 occ_blocks_per_cu=3 rate=109020000.0 reads_per_s=872180000.0 avg_w=219.0 avg_sclk_mhz=3290 avg_mclk_mhz=1258 seconds=2.272
  mode=dev gib=12.0 ilp=8 tpb=256 bpcu=8 vgpr_regs=256 occ_blocks_per_cu=3 rate=108210000.0 reads_per_s=865680000.0 avg_w=207.5 avg_sclk_mhz=3240 avg_mclk_mhz=1258 seconds=2.006
  mode=dev gib=12.0 ilp=8 tpb=256 bpcu=16 vgpr_regs=256 occ_blocks_per_cu=3 rate=110130000.0 reads_per_s=881070000.0 avg_w=217.6 avg_sclk_mhz=3293 avg_mclk_mhz=1258 seconds=2.228
== dev_12gib: final run with {'ilp': 1, 'tpb': 128, 'bpcu': 16}
  mode=dev gib=12.0 ilp=1 tpb=128 bpcu=16 vgpr_regs=76 occ_blocks_per_cu=16 rate=342100000.0 reads_per_s=2736800000.0 avg_w=302.4 avg_sclk_mhz=2884 avg_mclk_mhz=1258 seconds=12.471
  verify: attempt n=201326592 s=201261056 samples=128 match=128 mismatch=0 unwritten=0
== host_12gib: sweep
  mode=host gib=12.0 ilp=1 tpb=64 bpcu=2 vgpr_regs=76 occ_blocks_per_cu=32 rate=14153000.0 reads_per_s=113220000.0 avg_w=118.4 avg_sclk_mhz=3308 avg_mclk_mhz=1258 seconds=3.213
  mode=host gib=12.0 ilp=1 tpb=64 bpcu=4 vgpr_regs=76 occ_blocks_per_cu=32 rate=14105000.0 reads_per_s=112840000.0 avg_w=126.4 avg_sclk_mhz=3343 avg_mclk_mhz=1258 seconds=3.224
  mode=host gib=12.0 ilp=1 tpb=64 bpcu=8 vgpr_regs=76 occ_blocks_per_cu=32 rate=14122000.0 reads_per_s=112980000.0 avg_w=130.0 avg_sclk_mhz=3347 avg_mclk_mhz=1258 seconds=3.258
  mode=host gib=12.0 ilp=1 tpb=64 bpcu=16 vgpr_regs=76 occ_blocks_per_cu=32 rate=14179000.0 reads_per_s=113430000.0 avg_w=131.3 avg_sclk_mhz=3341 avg_mclk_mhz=1258 seconds=3.275
  mode=host gib=12.0 ilp=1 tpb=256 bpcu=2 vgpr_regs=76 occ_blocks_per_cu=8 rate=14123000.0 reads_per_s=112990000.0 avg_w=126.6 avg_sclk_mhz=3336 avg_mclk_mhz=1258 seconds=3.242
  mode=host gib=12.0 ilp=1 tpb=256 bpcu=4 vgpr_regs=76 occ_blocks_per_cu=8 rate=14175000.0 reads_per_s=113400000.0 avg_w=131.5 avg_sclk_mhz=3355 avg_mclk_mhz=1258 seconds=3.246
  mode=host gib=12.0 ilp=1 tpb=256 bpcu=8 vgpr_regs=76 occ_blocks_per_cu=8 rate=14227000.0 reads_per_s=113820000.0 avg_w=129.9 avg_sclk_mhz=3349 avg_mclk_mhz=1258 seconds=3.234
  mode=host gib=12.0 ilp=1 tpb=256 bpcu=16 vgpr_regs=76 occ_blocks_per_cu=8 rate=14222000.0 reads_per_s=113770000.0 avg_w=132.4 avg_sclk_mhz=3360 avg_mclk_mhz=1258 seconds=3.235
  mode=host gib=12.0 ilp=2 tpb=64 bpcu=2 vgpr_regs=109 occ_blocks_per_cu=24 rate=14043000.0 reads_per_s=112340000.0 avg_w=119.5 avg_sclk_mhz=3354 avg_mclk_mhz=1258 seconds=3.261
  mode=host gib=12.0 ilp=2 tpb=64 bpcu=4 vgpr_regs=109 occ_blocks_per_cu=24 rate=13874000.0 reads_per_s=110990000.0 avg_w=120.7 avg_sclk_mhz=3344 avg_mclk_mhz=1258 seconds=3.255
  mode=host gib=12.0 ilp=2 tpb=64 bpcu=8 vgpr_regs=109 occ_blocks_per_cu=24 rate=13081000.0 reads_per_s=104650000.0 avg_w=126.8 avg_sclk_mhz=3349 avg_mclk_mhz=1258 seconds=3.354
  mode=host gib=12.0 ilp=2 tpb=64 bpcu=16 vgpr_regs=109 occ_blocks_per_cu=24 rate=10862000.0 reads_per_s=86900000.0 avg_w=127.9 avg_sclk_mhz=3350 avg_mclk_mhz=1258 seconds=3.451
  mode=host gib=12.0 ilp=2 tpb=256 bpcu=2 vgpr_regs=109 occ_blocks_per_cu=6 rate=13086000.0 reads_per_s=104690000.0 avg_w=126.7 avg_sclk_mhz=3351 avg_mclk_mhz=1258 seconds=3.32
  mode=host gib=12.0 ilp=2 tpb=256 bpcu=4 vgpr_regs=109 occ_blocks_per_cu=6 rate=10840000.0 reads_per_s=86721000.0 avg_w=127.8 avg_sclk_mhz=3351 avg_mclk_mhz=1258 seconds=3.38
  mode=host gib=12.0 ilp=2 tpb=256 bpcu=8 vgpr_regs=109 occ_blocks_per_cu=6 rate=10347000.0 reads_per_s=82780000.0 avg_w=127.4 avg_sclk_mhz=3352 avg_mclk_mhz=1258 seconds=3.458
  mode=host gib=12.0 ilp=2 tpb=256 bpcu=16 vgpr_regs=109 occ_blocks_per_cu=6 rate=10128000.0 reads_per_s=81028000.0 avg_w=129.6 avg_sclk_mhz=3367 avg_mclk_mhz=1258 seconds=3.028
  mode=host gib=12.0 ilp=4 tpb=64 bpcu=2 vgpr_regs=172 occ_blocks_per_cu=16 rate=13866000.0 reads_per_s=110920000.0 avg_w=115.7 avg_sclk_mhz=3345 avg_mclk_mhz=1258 seconds=3.257
  mode=host gib=12.0 ilp=4 tpb=64 bpcu=4 vgpr_regs=172 occ_blocks_per_cu=16 rate=12722000.0 reads_per_s=101780000.0 avg_w=120.0 avg_sclk_mhz=3348 avg_mclk_mhz=1258 seconds=3.281
  mode=host gib=12.0 ilp=4 tpb=64 bpcu=8 vgpr_regs=172 occ_blocks_per_cu=16 rate=9248400.0 reads_per_s=73987000.0 avg_w=122.2 avg_sclk_mhz=3338 avg_mclk_mhz=1258 seconds=3.132
  mode=host gib=12.0 ilp=4 tpb=64 bpcu=16 vgpr_regs=172 occ_blocks_per_cu=16 rate=8162500.0 reads_per_s=65300000.0 avg_w=119.8 avg_sclk_mhz=3359 avg_mclk_mhz=1258 seconds=3.131
  mode=host gib=12.0 ilp=4 tpb=256 bpcu=2 vgpr_regs=172 occ_blocks_per_cu=4 rate=8990400.0 reads_per_s=71923000.0 avg_w=124.4 avg_sclk_mhz=3348 avg_mclk_mhz=1258 seconds=3.317
  mode=host gib=12.0 ilp=4 tpb=256 bpcu=4 vgpr_regs=172 occ_blocks_per_cu=4 rate=8098400.0 reads_per_s=64787000.0 avg_w=113.3 avg_sclk_mhz=3326 avg_mclk_mhz=1258 seconds=3.156
  mode=host gib=12.0 ilp=4 tpb=256 bpcu=8 vgpr_regs=172 occ_blocks_per_cu=4 rate=8232100.0 reads_per_s=65857000.0 avg_w=116.8 avg_sclk_mhz=3361 avg_mclk_mhz=1258 seconds=2.898
  mode=host gib=12.0 ilp=4 tpb=256 bpcu=16 vgpr_regs=172 occ_blocks_per_cu=4 rate=8046400.0 reads_per_s=64371000.0 avg_w=119.1 avg_sclk_mhz=3378 avg_mclk_mhz=1258 seconds=2.541
  mode=host gib=12.0 ilp=8 tpb=64 bpcu=2 vgpr_regs=256 occ_blocks_per_cu=12 rate=11009000.0 reads_per_s=88074000.0 avg_w=109.5 avg_sclk_mhz=3341 avg_mclk_mhz=1258 seconds=3.018
  mode=host gib=12.0 ilp=8 tpb=64 bpcu=4 vgpr_regs=256 occ_blocks_per_cu=12 rate=7850700.0 reads_per_s=62805000.0 avg_w=111.1 avg_sclk_mhz=3350 avg_mclk_mhz=1258 seconds=3.256
  mode=host gib=12.0 ilp=8 tpb=64 bpcu=8 vgpr_regs=256 occ_blocks_per_cu=12 rate=7736600.0 reads_per_s=61893000.0 avg_w=112.5 avg_sclk_mhz=3366 avg_mclk_mhz=1258 seconds=3.304
  mode=host gib=12.0 ilp=8 tpb=64 bpcu=16 vgpr_regs=256 occ_blocks_per_cu=12 rate=7860400.0 reads_per_s=62884000.0 avg_w=112.7 avg_sclk_mhz=3368 avg_mclk_mhz=1258 seconds=3.035
  mode=host gib=12.0 ilp=8 tpb=256 bpcu=2 vgpr_regs=256 occ_blocks_per_cu=3 rate=7816600.0 reads_per_s=62533000.0 avg_w=110.6 avg_sclk_mhz=3356 avg_mclk_mhz=1258 seconds=3.27
  mode=host gib=12.0 ilp=8 tpb=256 bpcu=4 vgpr_regs=256 occ_blocks_per_cu=3 rate=7827100.0 reads_per_s=62617000.0 avg_w=112.6 avg_sclk_mhz=3371 avg_mclk_mhz=1258 seconds=3.048
  mode=host gib=12.0 ilp=8 tpb=256 bpcu=8 vgpr_regs=256 occ_blocks_per_cu=3 rate=7833100.0 reads_per_s=62665000.0 avg_w=112.4 avg_sclk_mhz=3369 avg_mclk_mhz=1258 seconds=2.61
  mode=host gib=12.0 ilp=8 tpb=256 bpcu=16 vgpr_regs=256 occ_blocks_per_cu=3 rate=7815300.0 reads_per_s=62523000.0 avg_w=116.0 avg_sclk_mhz=3404 avg_mclk_mhz=1258 seconds=3.488
== host_12gib: final run with {'ilp': 1, 'tpb': 256, 'bpcu': 8}
  mode=host gib=12.0 ilp=1 tpb=256 bpcu=8 vgpr_regs=76 occ_blocks_per_cu=8 rate=14200000.0 reads_per_s=113600000.0 avg_w=130.4 avg_sclk_mhz=3394 avg_mclk_mhz=1258 seconds=12.447
  verify: attempt n=201326592 s=201261056 samples=128 match=128 mismatch=0 unwritten=0
== host_12gib: non-coherent allocation at the same configuration
  mode=host gib=12.0 ilp=1 tpb=256 bpcu=8 vgpr_regs=76 occ_blocks_per_cu=8 rate=14217000.0 reads_per_s=113740000.0 avg_w=130.7 avg_sclk_mhz=3395 avg_mclk_mhz=1258 seconds=12.432
