== machine
index, name, memory.total [MiB], power.limit [W]
0, NVIDIA H100 80GB HBM3, 81559 MiB, 700.00 W
1, NVIDIA H100 80GB HBM3, 81559 MiB, 700.00 W
2, NVIDIA H100 80GB HBM3, 81559 MiB, 700.00 W
3, NVIDIA H100 80GB HBM3, 81559 MiB, 700.00 W
4, NVIDIA H100 80GB HBM3, 81559 MiB, 700.00 W
5, NVIDIA H100 80GB HBM3, 81559 MiB, 700.00 W
6, NVIDIA H100 80GB HBM3, 81559 MiB, 700.00 W
7, NVIDIA H100 80GB HBM3, 81559 MiB, 700.00 W
CPU(s):                               208
Model name:                           Intel(R) Xeon(R) Platinum 8480+
Socket(s):                            2
NUMA node(s):                         2
               total        used        free      shared  buff/cache   available
Mem:            1771          22        1731           0          25        1749
Swap:              0           0           0
== build
== GPUs that start within 90 s
using GPUs 0,1,2,3,4,5,6,7 (8); 8 s per run, 60 GiB per GPU
== honest, all 8 GPUs
samples: timed kernel equals reference on 128 of 128
{"name":"all","mode":"peer","gpu":"NVIDIA H100 80GB HBM3","gpus":8,"partners":0,"regen":0.0000,"generate":0,"gib_per_gpu":60.000,"chunks":125829120,"tpb":128,"bpsm":8,"seconds":8.04,"attempts_per_s":8.2277e+07,"chunk_reads_per_s":6.5821e+08,"read_GBps":2696.0,"chunks_generated_per_s":0.0000e+00,"reads_per_step":1.000,"generated_per_step":0.000,"fill_s":1.89}
== s = 0.35 on 6 GPUs: honest, then the stuffer with 0 to 7 partners
samples: timed kernel equals reference on 128 of 128
samples: timed kernel equals reference on 128 of 128
samples: timed kernel equals reference on 128 of 128
samples: timed kernel equals reference on 128 of 128
samples: timed kernel equals reference on 128 of 128
samples: timed kernel equals reference on 128 of 128
samples: timed kernel equals reference on 128 of 128
samples: timed kernel equals reference on 128 of 128
samples: timed kernel equals reference on 128 of 128
{"name":"s0.35-g6","mode":"peer","gpu":"NVIDIA H100 80GB HBM3","gpus":6,"partners":0,"regen":0.3500,"generate":0,"gib_per_gpu":60.000,"chunks":94371840,"tpb":128,"bpsm":8,"seconds":8.01,"attempts_per_s":6.3771e+07,"chunk_reads_per_s":5.1017e+08,"read_GBps":2089.7,"chunks_generated_per_s":0.0000e+00,"reads_per_step":1.000,"generated_per_step":0.000,"fill_s":1.41}
{"name":"s0.35-g6","mode":"peer","gpu":"NVIDIA H100 80GB HBM3","gpus":6,"partners":0,"regen":0.3500,"generate":1,"gib_per_gpu":60.000,"chunks":94371840,"tpb":128,"bpsm":8,"seconds":8.15,"attempts_per_s":6.7640e+07,"chunk_reads_per_s":3.5176e+08,"read_GBps":1440.8,"chunks_generated_per_s":1.8937e+08,"reads_per_step":0.650,"generated_per_step":0.350,"fill_s":1.41}
{"name":"s0.35-g6","mode":"peer","gpu":"NVIDIA H100 80GB HBM3","gpus":6,"partners":1,"regen":0.3500,"generate":1,"gib_per_gpu":60.000,"chunks":94371840,"tpb":128,"bpsm":8,"seconds":8.14,"attempts_per_s":3.8353e+07,"chunk_reads_per_s":3.9890e+08,"read_GBps":1633.9,"chunks_generated_per_s":2.1475e+08,"reads_per_step":1.300,"generated_per_step":0.700,"fill_s":1.41}
{"name":"s0.35-g6","mode":"peer","gpu":"NVIDIA H100 80GB HBM3","gpus":6,"partners":2,"regen":0.3500,"generate":1,"gib_per_gpu":60.000,"chunks":94371840,"tpb":128,"bpsm":8,"seconds":8.00,"attempts_per_s":2.6758e+07,"chunk_reads_per_s":4.1745e+08,"read_GBps":1709.9,"chunks_generated_per_s":2.2474e+08,"reads_per_step":1.950,"generated_per_step":1.050,"fill_s":1.41}
{"name":"s0.35-g6","mode":"peer","gpu":"NVIDIA H100 80GB HBM3","gpus":6,"partners":3,"regen":0.3500,"generate":1,"gib_per_gpu":60.000,"chunks":94371840,"tpb":128,"bpsm":8,"seconds":8.09,"attempts_per_s":2.0443e+07,"chunk_reads_per_s":4.2523e+08,"read_GBps":1741.7,"chunks_generated_per_s":2.2895e+08,"reads_per_step":2.600,"generated_per_step":1.400,"fill_s":1.41}
{"name":"s0.35-g6","mode":"peer","gpu":"NVIDIA H100 80GB HBM3","gpus":6,"partners":4,"regen":0.3500,"generate":1,"gib_per_gpu":60.000,"chunks":94371840,"tpb":128,"bpsm":8,"seconds":8.09,"attempts_per_s":1.6542e+07,"chunk_reads_per_s":4.3012e+08,"read_GBps":1761.8,"chunks_generated_per_s":2.3157e+08,"reads_per_step":3.250,"generated_per_step":1.750,"fill_s":1.41}
{"name":"s0.35-g6","mode":"peer","gpu":"NVIDIA H100 80GB HBM3","gpus":6,"partners":5,"regen":0.3500,"generate":1,"gib_per_gpu":60.000,"chunks":94371840,"tpb":128,"bpsm":8,"seconds":8.17,"attempts_per_s":1.3906e+07,"chunk_reads_per_s":4.3389e+08,"read_GBps":1777.2,"chunks_generated_per_s":2.3359e+08,"reads_per_step":3.900,"generated_per_step":2.100,"fill_s":1.41}
{"name":"s0.35-g6","mode":"peer","gpu":"NVIDIA H100 80GB HBM3","gpus":6,"partners":6,"regen":0.3500,"generate":1,"gib_per_gpu":60.000,"chunks":94371840,"tpb":128,"bpsm":8,"seconds":8.11,"attempts_per_s":1.2006e+07,"chunk_reads_per_s":4.3705e+08,"read_GBps":1790.1,"chunks_generated_per_s":2.3529e+08,"reads_per_step":4.550,"generated_per_step":2.450,"fill_s":1.41}
{"name":"s0.35-g6","mode":"peer","gpu":"NVIDIA H100 80GB HBM3","gpus":6,"partners":7,"regen":0.3500,"generate":1,"gib_per_gpu":60.000,"chunks":94371840,"tpb":128,"bpsm":8,"seconds":8.07,"attempts_per_s":1.0554e+07,"chunk_reads_per_s":4.3909e+08,"read_GBps":1798.5,"chunks_generated_per_s":2.3638e+08,"reads_per_step":5.200,"generated_per_step":2.800,"fill_s":1.41}
== s = 0.51 on 4 GPUs: honest, then the stuffer with 0 to 7 partners
samples: timed kernel equals reference on 128 of 128
samples: timed kernel equals reference on 128 of 128
samples: timed kernel equals reference on 128 of 128
samples: timed kernel equals reference on 128 of 128
samples: timed kernel equals reference on 128 of 128
samples: timed kernel equals reference on 128 of 128
samples: timed kernel equals reference on 128 of 128
samples: timed kernel equals reference on 128 of 128
samples: timed kernel equals reference on 128 of 128
{"name":"s0.51-g4","mode":"peer","gpu":"NVIDIA H100 80GB HBM3","gpus":4,"partners":0,"regen":0.5100,"generate":0,"gib_per_gpu":60.000,"chunks":62914560,"tpb":128,"bpsm":8,"seconds":8.09,"attempts_per_s":4.4436e+07,"chunk_reads_per_s":3.5549e+08,"read_GBps":1456.1,"chunks_generated_per_s":0.0000e+00,"reads_per_step":1.000,"generated_per_step":0.000,"fill_s":0.93}
{"name":"s0.51-g4","mode":"peer","gpu":"NVIDIA H100 80GB HBM3","gpus":4,"partners":0,"regen":0.5100,"generate":1,"gib_per_gpu":60.000,"chunks":62914560,"tpb":128,"bpsm":8,"seconds":8.06,"attempts_per_s":4.7879e+07,"chunk_reads_per_s":1.8767e+08,"read_GBps":768.7,"chunks_generated_per_s":1.9536e+08,"reads_per_step":0.490,"generated_per_step":0.510,"fill_s":0.93}
{"name":"s0.51-g4","mode":"peer","gpu":"NVIDIA H100 80GB HBM3","gpus":4,"partners":1,"regen":0.5100,"generate":1,"gib_per_gpu":60.000,"chunks":62914560,"tpb":128,"bpsm":8,"seconds":8.01,"attempts_per_s":2.7554e+07,"chunk_reads_per_s":2.1599e+08,"read_GBps":884.7,"chunks_generated_per_s":2.2488e+08,"reads_per_step":0.980,"generated_per_step":1.020,"fill_s":0.93}
{"name":"s0.51-g4","mode":"peer","gpu":"NVIDIA H100 80GB HBM3","gpus":4,"partners":2,"regen":0.5100,"generate":1,"gib_per_gpu":60.000,"chunks":62914560,"tpb":128,"bpsm":8,"seconds":8.08,"attempts_per_s":1.9280e+07,"chunk_reads_per_s":2.2671e+08,"read_GBps":928.6,"chunks_generated_per_s":2.3601e+08,"reads_per_step":1.470,"generated_per_step":1.530,"fill_s":0.93}
{"name":"s0.51-g4","mode":"peer","gpu":"NVIDIA H100 80GB HBM3","gpus":4,"partners":3,"regen":0.5100,"generate":1,"gib_per_gpu":60.000,"chunks":62914560,"tpb":128,"bpsm":8,"seconds":8.11,"attempts_per_s":1.4809e+07,"chunk_reads_per_s":2.3216e+08,"read_GBps":950.9,"chunks_generated_per_s":2.4172e+08,"reads_per_step":1.960,"generated_per_step":2.040,"fill_s":0.93}
{"name":"s0.51-g4","mode":"peer","gpu":"NVIDIA H100 80GB HBM3","gpus":4,"partners":4,"regen":0.5100,"generate":1,"gib_per_gpu":60.000,"chunks":62914560,"tpb":128,"bpsm":8,"seconds":8.10,"attempts_per_s":1.2013e+07,"chunk_reads_per_s":2.3543e+08,"read_GBps":964.3,"chunks_generated_per_s":2.4511e+08,"reads_per_step":2.450,"generated_per_step":2.550,"fill_s":0.93}
{"name":"s0.51-g4","mode":"peer","gpu":"NVIDIA H100 80GB HBM3","gpus":4,"partners":5,"regen":0.5100,"generate":1,"gib_per_gpu":60.000,"chunks":62914560,"tpb":128,"bpsm":8,"seconds":8.11,"attempts_per_s":1.0127e+07,"chunk_reads_per_s":2.3816e+08,"read_GBps":975.5,"chunks_generated_per_s":2.4795e+08,"reads_per_step":2.940,"generated_per_step":3.060,"fill_s":0.93}
{"name":"s0.51-g4","mode":"peer","gpu":"NVIDIA H100 80GB HBM3","gpus":4,"partners":6,"regen":0.5100,"generate":1,"gib_per_gpu":60.000,"chunks":62914560,"tpb":128,"bpsm":8,"seconds":8.15,"attempts_per_s":8.7519e+06,"chunk_reads_per_s":2.4012e+08,"read_GBps":983.5,"chunks_generated_per_s":2.4999e+08,"reads_per_step":3.430,"generated_per_step":3.570,"fill_s":0.93}
{"name":"s0.51-g4","mode":"peer","gpu":"NVIDIA H100 80GB HBM3","gpus":4,"partners":7,"regen":0.5100,"generate":1,"gib_per_gpu":60.000,"chunks":62914560,"tpb":128,"bpsm":8,"seconds":8.21,"attempts_per_s":7.7060e+06,"chunk_reads_per_s":2.4163e+08,"read_GBps":989.7,"chunks_generated_per_s":2.5155e+08,"reads_per_step":3.920,"generated_per_step":4.080,"fill_s":0.93}
== s = 0.675 on 3 GPUs: honest, then the stuffer with 0 to 7 partners
samples: timed kernel equals reference on 128 of 128
samples: timed kernel equals reference on 128 of 128
samples: timed kernel equals reference on 128 of 128
samples: timed kernel equals reference on 128 of 128
samples: timed kernel equals reference on 128 of 128
samples: timed kernel equals reference on 128 of 128
samples: timed kernel equals reference on 128 of 128
samples: timed kernel equals reference on 128 of 128
samples: timed kernel equals reference on 128 of 128
{"name":"s0.675-g3","mode":"peer","gpu":"NVIDIA H100 80GB HBM3","gpus":3,"partners":0,"regen":0.6750,"generate":0,"gib_per_gpu":60.000,"chunks":47185920,"tpb":128,"bpsm":8,"seconds":8.08,"attempts_per_s":3.4346e+07,"chunk_reads_per_s":2.7477e+08,"read_GBps":1125.4,"chunks_generated_per_s":0.0000e+00,"reads_per_step":1.000,"generated_per_step":0.000,"fill_s":0.70}
{"name":"s0.675-g3","mode":"peer","gpu":"NVIDIA H100 80GB HBM3","gpus":3,"partners":0,"regen":0.6750,"generate":1,"gib_per_gpu":60.000,"chunks":47185920,"tpb":128,"bpsm":8,"seconds":8.00,"attempts_per_s":3.9628e+07,"chunk_reads_per_s":1.0301e+08,"read_GBps":421.9,"chunks_generated_per_s":2.1401e+08,"reads_per_step":0.325,"generated_per_step":0.675,"fill_s":0.70}
{"name":"s0.675-g3","mode":"peer","gpu":"NVIDIA H100 80GB HBM3","gpus":3,"partners":1,"regen":0.6750,"generate":1,"gib_per_gpu":60.000,"chunks":47185920,"tpb":128,"bpsm":8,"seconds":8.13,"attempts_per_s":2.3055e+07,"chunk_reads_per_s":1.1988e+08,"read_GBps":491.0,"chunks_generated_per_s":2.4901e+08,"reads_per_step":0.650,"generated_per_step":1.350,"fill_s":0.70}
{"name":"s0.675-g3","mode":"peer","gpu":"NVIDIA H100 80GB HBM3","gpus":3,"partners":2,"regen":0.6750,"generate":1,"gib_per_gpu":60.000,"chunks":47185920,"tpb":128,"bpsm":8,"seconds":8.07,"attempts_per_s":1.6274e+07,"chunk_reads_per_s":1.2693e+08,"read_GBps":519.9,"chunks_generated_per_s":2.6365e+08,"reads_per_step":0.975,"generated_per_step":2.025,"fill_s":0.70}
{"name":"s0.675-g3","mode":"peer","gpu":"NVIDIA H100 80GB HBM3","gpus":3,"partners":3,"regen":0.6750,"generate":1,"gib_per_gpu":60.000,"chunks":47185920,"tpb":128,"bpsm":8,"seconds":8.11,"attempts_per_s":1.2592e+07,"chunk_reads_per_s":1.3094e+08,"read_GBps":536.3,"chunks_generated_per_s":2.7202e+08,"reads_per_step":1.300,"generated_per_step":2.700,"fill_s":0.70}
{"name":"s0.675-g3","mode":"peer","gpu":"NVIDIA H100 80GB HBM3","gpus":3,"partners":4,"regen":0.6750,"generate":1,"gib_per_gpu":60.000,"chunks":47185920,"tpb":128,"bpsm":8,"seconds":8.06,"attempts_per_s":1.0261e+07,"chunk_reads_per_s":1.3337e+08,"read_GBps":546.3,"chunks_generated_per_s":2.7706e+08,"reads_per_step":1.625,"generated_per_step":3.375,"fill_s":0.70}
{"name":"s0.675-g3","mode":"peer","gpu":"NVIDIA H100 80GB HBM3","gpus":3,"partners":5,"regen":0.6750,"generate":1,"gib_per_gpu":60.000,"chunks":47185920,"tpb":128,"bpsm":8,"seconds":8.20,"attempts_per_s":8.6563e+06,"chunk_reads_per_s":1.3501e+08,"read_GBps":553.0,"chunks_generated_per_s":2.8049e+08,"reads_per_step":1.950,"generated_per_step":4.050,"fill_s":0.70}
{"name":"s0.675-g3","mode":"peer","gpu":"NVIDIA H100 80GB HBM3","gpus":3,"partners":6,"regen":0.6750,"generate":1,"gib_per_gpu":60.000,"chunks":47185920,"tpb":128,"bpsm":8,"seconds":8.01,"attempts_per_s":7.4897e+06,"chunk_reads_per_s":1.3628e+08,"read_GBps":558.2,"chunks_generated_per_s":2.8314e+08,"reads_per_step":2.274,"generated_per_step":4.726,"fill_s":0.70}
{"name":"s0.675-g3","mode":"peer","gpu":"NVIDIA H100 80GB HBM3","gpus":3,"partners":7,"regen":0.6750,"generate":1,"gib_per_gpu":60.000,"chunks":47185920,"tpb":128,"bpsm":8,"seconds":8.10,"attempts_per_s":6.6059e+06,"chunk_reads_per_s":1.3736e+08,"read_GBps":562.6,"chunks_generated_per_s":2.8542e+08,"reads_per_step":2.599,"generated_per_step":5.401,"fill_s":0.70}
== CPU on the host (128 GiB, all threads)
{"m":0,"s":0.0000,"mode":"h","threads":208,"gib":128.0,"seconds":10.01,"attempts_per_s":2.2191e+06,"reads_per_step":1.000,"generated_per_step":0.000,"read_GBps":72.7,"check_agree":16,"fill_s":138.7}
{"m":0,"s":0.0000,"mode":"f","threads":208,"gib":128.0,"seconds":10.01,"attempts_per_s":4.7926e+06,"reads_per_step":1.000,"generated_per_step":0.000,"read_GBps":157.0,"check_agree":16,"fill_s":138.7}
{"m":0,"s":0.3500,"mode":"g","threads":208,"gib":128.0,"seconds":10.01,"attempts_per_s":2.4462e+06,"reads_per_step":0.650,"generated_per_step":0.350,"read_GBps":52.1,"check_agree":16,"fill_s":138.7}
{"m":3,"s":0.3500,"mode":"g","threads":208,"gib":128.0,"seconds":10.01,"attempts_per_s":1.6544e+06,"reads_per_step":2.600,"generated_per_step":1.400,"read_GBps":140.9,"check_agree":16,"fill_s":138.7}
{"m":7,"s":0.3500,"mode":"g","threads":208,"gib":128.0,"seconds":10.01,"attempts_per_s":9.3074e+05,"reads_per_step":5.200,"generated_per_step":2.800,"read_GBps":158.6,"check_agree":16,"fill_s":138.7}
{"m":15,"s":0.3500,"mode":"g","threads":208,"gib":128.0,"seconds":10.02,"attempts_per_s":4.7672e+05,"reads_per_step":10.400,"generated_per_step":5.600,"read_GBps":162.5,"check_agree":16,"fill_s":138.7}
{"m":0,"s":0.5100,"mode":"g","threads":208,"gib":128.0,"seconds":10.01,"attempts_per_s":2.4465e+06,"reads_per_step":0.490,"generated_per_step":0.510,"read_GBps":39.3,"check_agree":16,"fill_s":138.7}
{"m":3,"s":0.5100,"mode":"g","threads":208,"gib":128.0,"seconds":10.01,"attempts_per_s":1.7562e+06,"reads_per_step":1.959,"generated_per_step":2.041,"read_GBps":112.8,"check_agree":16,"fill_s":138.7}
{"m":7,"s":0.5100,"mode":"g","threads":208,"gib":128.0,"seconds":10.01,"attempts_per_s":1.2393e+06,"reads_per_step":3.919,"generated_per_step":4.081,"read_GBps":159.1,"check_agree":16,"fill_s":138.7}
{"m":15,"s":0.5100,"mode":"g","threads":208,"gib":128.0,"seconds":10.01,"attempts_per_s":6.7275e+05,"reads_per_step":7.838,"generated_per_step":8.162,"read_GBps":172.8,"check_agree":16,"fill_s":138.7}
{"m":0,"s":0.6750,"mode":"g","threads":208,"gib":128.0,"seconds":10.01,"attempts_per_s":2.4861e+06,"reads_per_step":0.325,"generated_per_step":0.675,"read_GBps":26.5,"check_agree":16,"fill_s":138.7}
{"m":3,"s":0.6750,"mode":"g","threads":208,"gib":128.0,"seconds":10.01,"attempts_per_s":1.8103e+06,"reads_per_step":1.300,"generated_per_step":2.700,"read_GBps":77.1,"check_agree":16,"fill_s":138.7}
{"m":7,"s":0.6750,"mode":"g","threads":208,"gib":128.0,"seconds":10.01,"attempts_per_s":1.3805e+06,"reads_per_step":2.599,"generated_per_step":5.401,"read_GBps":117.6,"check_agree":16,"fill_s":138.7}
{"m":11,"s":0.6750,"mode":"g","threads":208,"gib":128.0,"seconds":10.01,"attempts_per_s":1.1172e+06,"reads_per_step":3.899,"generated_per_step":8.101,"read_GBps":142.7,"check_agree":16,"fill_s":138.7}
{"m":15,"s":0.6750,"mode":"g","threads":208,"gib":128.0,"seconds":10.01,"attempts_per_s":9.2887e+05,"reads_per_step":5.199,"generated_per_step":10.801,"read_GBps":158.2,"check_agree":16,"fill_s":138.7}
== verify GPU samples
results/0db554675c65-pack2-20261005T181248Z/samples-all: Python reference agrees on 1 of 1; timed kernel equals reference on 128 of 128
results/0db554675c65-pack2-20261005T181248Z/samples-s0.35-g6-m0-g0: Python reference agrees on 1 of 1; timed kernel equals reference on 128 of 128
results/0db554675c65-pack2-20261005T181248Z/samples-s0.35-g6-m0-g1: Python reference agrees on 1 of 1; timed kernel equals reference on 128 of 128
results/0db554675c65-pack2-20261005T181248Z/samples-s0.35-g6-m1-g1: Python reference agrees on 1 of 1; timed kernel equals reference on 128 of 128
results/0db554675c65-pack2-20261005T181248Z/samples-s0.35-g6-m2-g1: Python reference agrees on 1 of 1; timed kernel equals reference on 128 of 128
results/0db554675c65-pack2-20261005T181248Z/samples-s0.35-g6-m3-g1: Python reference agrees on 1 of 1; timed kernel equals reference on 128 of 128
results/0db554675c65-pack2-20261005T181248Z/samples-s0.35-g6-m4-g1: Python reference agrees on 1 of 1; timed kernel equals reference on 128 of 128
results/0db554675c65-pack2-20261005T181248Z/samples-s0.35-g6-m5-g1: Python reference agrees on 1 of 1; timed kernel equals reference on 128 of 128
results/0db554675c65-pack2-20261005T181248Z/samples-s0.35-g6-m6-g1: Python reference agrees on 1 of 1; timed kernel equals reference on 128 of 128
results/0db554675c65-pack2-20261005T181248Z/samples-s0.35-g6-m7-g1: Python reference agrees on 1 of 1; timed kernel equals reference on 128 of 128
results/0db554675c65-pack2-20261005T181248Z/samples-s0.51-g4-m0-g0: Python reference agrees on 1 of 1; timed kernel equals reference on 128 of 128
results/0db554675c65-pack2-20261005T181248Z/samples-s0.51-g4-m0-g1: Python reference agrees on 1 of 1; timed kernel equals reference on 128 of 128
results/0db554675c65-pack2-20261005T181248Z/samples-s0.51-g4-m1-g1: Python reference agrees on 1 of 1; timed kernel equals reference on 128 of 128
results/0db554675c65-pack2-20261005T181248Z/samples-s0.51-g4-m2-g1: Python reference agrees on 1 of 1; timed kernel equals reference on 128 of 128
results/0db554675c65-pack2-20261005T181248Z/samples-s0.51-g4-m3-g1: Python reference agrees on 1 of 1; timed kernel equals reference on 128 of 128
results/0db554675c65-pack2-20261005T181248Z/samples-s0.51-g4-m4-g1: Python reference agrees on 1 of 1; timed kernel equals reference on 128 of 128
results/0db554675c65-pack2-20261005T181248Z/samples-s0.51-g4-m5-g1: Python reference agrees on 1 of 1; timed kernel equals reference on 128 of 128
results/0db554675c65-pack2-20261005T181248Z/samples-s0.51-g4-m6-g1: Python reference agrees on 1 of 1; timed kernel equals reference on 128 of 128
results/0db554675c65-pack2-20261005T181248Z/samples-s0.51-g4-m7-g1: Python reference agrees on 1 of 1; timed kernel equals reference on 128 of 128
results/0db554675c65-pack2-20261005T181248Z/samples-s0.675-g3-m0-g0: Python reference agrees on 1 of 1; timed kernel equals reference on 128 of 128
results/0db554675c65-pack2-20261005T181248Z/samples-s0.675-g3-m0-g1: Python reference agrees on 1 of 1; timed kernel equals reference on 128 of 128
results/0db554675c65-pack2-20261005T181248Z/samples-s0.675-g3-m1-g1: Python reference agrees on 1 of 1; timed kernel equals reference on 128 of 128
results/0db554675c65-pack2-20261005T181248Z/samples-s0.675-g3-m2-g1: Python reference agrees on 1 of 1; timed kernel equals reference on 128 of 128
results/0db554675c65-pack2-20261005T181248Z/samples-s0.675-g3-m3-g1: Python reference agrees on 1 of 1; timed kernel equals reference on 128 of 128
results/0db554675c65-pack2-20261005T181248Z/samples-s0.675-g3-m4-g1: Python reference agrees on 1 of 1; timed kernel equals reference on 128 of 128
results/0db554675c65-pack2-20261005T181248Z/samples-s0.675-g3-m5-g1: Python reference agrees on 1 of 1; timed kernel equals reference on 128 of 128
results/0db554675c65-pack2-20261005T181248Z/samples-s0.675-g3-m6-g1: Python reference agrees on 1 of 1; timed kernel equals reference on 128 of 128
results/0db554675c65-pack2-20261005T181248Z/samples-s0.675-g3-m7-g1: Python reference agrees on 1 of 1; timed kernel equals reference on 128 of 128
== done: results/0db554675c65-pack2-20261005T181248Z
